// Jest Snapshot v1, https://goo.gl/fbAQLP

exports[`renders learn react link 1`] = `
<DocumentFragment>
  <div>
    <nav
      class="navbar-container"
    >
      <div>
        <ul>
          <li>
            <img
              alt="logo"
              class="navbar-logo"
              src="Timeout-logo.png"
            />
          </li>
        </ul>
      </div>
    </nav>
    <div
      class="quiz-container"
    >
      <div
        class="quiz-score-time-container"
      >
        <p
          class="quiz-score"
        >
          Score: 0
        </p>
        <p
          class="quiz-time"
        >
          Time:
        </p>
      </div>
      <div
        class="questions-container"
      >
        <p>
          2 * 6
        </p>
      </div>
      <div
        class="keyboard-container"
      >
        <input
          placeholder="answer"
          type="number"
        />
        <button>
          Submit
        </button>
      </div>
    </div>
  </div>
</DocumentFragment>
`;
